Connecting to http://127.0.0.1:8001...
Server is healthy.

--- Setup: Creating Cleaner ---
Cleaner already exists.
Manually verifying cleaner_phase2_v5@example.com...
Verification script executed successfully.
Logging in Cleaner...
Cleaner logged in.

--- Setup: Creating Customer ---
Customer already exists.
Manually verifying customer_phase2_v5@example.com...
Verification script executed successfully.
Logging in Customer...
Customer logged in.

=== Testing Cleaner Profiles ===

Γ¥î FAIL - Create Cleaner Profile
    Status: 500
    Response: {'detail': 'An error occurred while creating the profile'}

Γ£à PASS - Customer Create Profile (Fail)
    Status: 403
    Response: {'detail': "Only users with 'cleaner' role can create a cleaner profile"}

Γ¥î FAIL - Get Own Profile
    Status: 404
    Response: {'detail': 'Cleaner profile not found. Create one first.'}

Γ¥î FAIL - Update Profile
    Status: 500
    Response: {'detail': 'An error occurred while updating the profile'}

Γ¥î FAIL - Get Public Profile
    Status: 404
    Response: {'detail': 'Cleaner profile not found'}

Γ£à PASS - Search Cleaners (City)
    Status: 200
    Response: {'cleaners': [], 'pagination': {'skip': 0, 'limit': 20, 'total': 0, 'has_more': False}}
    Found 0 cleaners in search

Γ£à PASS - Nearby Search
    Status: 200
    Response: {'cleaners': [], 'search': {'latitude': 19.076, 'longitude': 72.8777, 'radius_km': 10.0}, 'total': 0}
    Found 0 nearby cleaners

=== Testing Services ===

Γ¥î FAIL - Create Service
    Status: 404
    Response: {'detail': 'Create a cleaner profile first before adding services'}
    Skipping subsequent tests because service creation failed

Total: 8, Passed: 3, Failed: 5
